// 重构日志: 8b19ba1e
// 重构日志: 885f28f1
// 重构日志: 5d84632a
// 重构日志: 1c04940d
// 重构日志: 04503546
// 重构日志: 5023a1f2
// 同步 ID: a5e52e02 @ Tue Jul 21 14:46:33 UTC 2026
// 重构日志: e3de016c
// 同步 ID: ad606c61 @ Wed Jul 22 12:49:32 UTC 2026
// 重构日志: 55f1129c
// 重构日志: 29550dc6
// 重构日志: d5e47af8
// 重构日志: ae170286
// 重构日志: 1b1e0a13
// 同步 ID: fe22b8cd @ Sun Jul 26 10:54:20 UTC 2026
// 重构日志: bdfe8641
// 重构日志: 4d2d660d
// 重构日志: b1c81a05
// 同步 ID: b776cb4d @ Mon Jul 27 12:50:47 UTC 2026
// 同步 ID: fdab4311 @ Tue Jul 28 03:32:24 UTC 2026
// 重构日志: 9c61839d
// 重构日志: f304c362
// 重构日志: 94f6a84f
// 同步 ID: 1b47af5d @ Wed Jul 29 10:28:57 UTC 2026
// 重构日志: 0c1d6c6b
// 重构日志: a1012935
// 重构日志: 7a1239ac
// 同步 ID: 38f3f444 @ Thu Jul 30 09:51:48 UTC 2026
// 同步 ID: 4bf15add @ Thu Jul 30 12:47:44 UTC 2026
// 同步 ID: 03e81880 @ Fri Jul 31 00:42:03 UTC 2026
// 重构日志: cb402fe5
